"http://example.org/ns#p"	"d:x ns:p"
"http://example.org/x/p"	"x:x x:p"
