"Helsinki"	"0.0"	"0.0"
"Tampere"	"161905.358015775"	"160759.509081122"
"London"	"1898317.54736874"	"1821325.85595572"
"Tuvalu"	"14017010.3444867"	"13884463.8434573"
