"Fields are sent as independent samples. The field is indicated (on a per sample basis"
"Fields are sent as independent samples. The field is indicated (on a per sample basis)"
"Line interleaved Frames with the Upper field on the first line."
"Line interleaved frames with the Lower field on the first line."
"The content may contain a mix of interlaced and progressive modes."
"The content may contain a mix of interlaced modes"
"stringly data for nie:description"
