"Business"
"Communication"
"Draft"
"Educational institute"
"Entertainment"
"Food & Beverage"
"Geographical area"
"Inbox"
"MyFolder"
"Outbox"
"Outdoor activities"
"People"
"Public service"
"Religious places"
"Sent"
"Shopping"
"Sightseeing"
"Sports"
"Transport"
"accommodation"
"stringly data for nie:title"
